2026-08-14 15:59:16.380: [INFO] CurrentProfilePath: C:\Users\DEV-2D\OneDrive\Documents\Projeto_Jutsus\backend\.metadata\.plugins\org.eclipse.swt\EBWebView\Default
2026-08-14 15:59:16.380: [INFO] Profiles total count: 1
2026-08-14 15:59:16.380: [INFO] Profile: name=Perfil 1 path=C:\Users\DEV-2D\OneDrive\Documents\Projeto_Jutsus\backend\.metadata\.plugins\org.eclipse.swt\EBWebView\Default lastActive=null
2026-08-14 15:59:16.380: [INFO] LastUsedProfileDir: C:\Users\DEV-2D\OneDrive\Documents\Projeto_Jutsus\backend\.metadata\.plugins\org.eclipse.swt\EBWebView\Default
2026-08-14 15:59:16.380: [INFO] OnDoneLoading sync enabled: 0
2026-08-14 15:59:16.380: [INFO] BookmarkModelLoaded, ids_reassigned: 0
2026-08-14 15:59:16.380: [INFO] BookmarksLoadDropped droppedNodes=0
2026-08-14 15:59:16.380: [INFO] BookmarksSnapshot Startup total=0 bar=0 other=0 mobile=0 showBar=0 showBarNTP=1
2026-08-14 15:59:16.544: [INFO] BookmarksSnapshot Shutdown total=0 bar=0 other=0 mobile=0 showBar=0 showBarNTP=1
2026-08-14 15:59:17.859: [INFO] CurrentProfilePath: C:\Users\DEV-2D\OneDrive\Documents\Projeto_Jutsus\backend\.metadata\.plugins\org.eclipse.swt\EBWebView\Default
2026-08-14 15:59:17.859: [INFO] Profiles total count: 1
2026-08-14 15:59:17.859: [INFO] Profile: name=Perfil 1 path=C:\Users\DEV-2D\OneDrive\Documents\Projeto_Jutsus\backend\.metadata\.plugins\org.eclipse.swt\EBWebView\Default lastActive=null
2026-08-14 15:59:17.859: [INFO] LastUsedProfileDir: C:\Users\DEV-2D\OneDrive\Documents\Projeto_Jutsus\backend\.metadata\.plugins\org.eclipse.swt\EBWebView\Default
2026-08-14 15:59:17.859: [INFO] OnDoneLoading sync enabled: 0
2026-08-14 15:59:17.859: [INFO] BookmarkModelLoaded, ids_reassigned: 0
2026-08-14 15:59:17.859: [INFO] BookmarksLoadDropped droppedNodes=0
2026-08-14 15:59:17.859: [INFO] BookmarksSnapshot Startup total=0 bar=0 other=0 mobile=0 showBar=0 showBarNTP=1
2026-08-14 15:59:18.057: [INFO] BookmarksSnapshot Shutdown total=0 bar=0 other=0 mobile=0 showBar=0 showBarNTP=1
2026-08-14 15:59:41.117: [INFO] CurrentProfilePath: C:\Users\DEV-2D\OneDrive\Documents\Projeto_Jutsus\backend\.metadata\.plugins\org.eclipse.swt\EBWebView\Default
2026-08-14 15:59:41.117: [INFO] Profiles total count: 1
2026-08-14 15:59:41.117: [INFO] Profile: name=Perfil 1 path=C:\Users\DEV-2D\OneDrive\Documents\Projeto_Jutsus\backend\.metadata\.plugins\org.eclipse.swt\EBWebView\Default lastActive=null
2026-08-14 15:59:41.117: [INFO] LastUsedProfileDir: C:\Users\DEV-2D\OneDrive\Documents\Projeto_Jutsus\backend\.metadata\.plugins\org.eclipse.swt\EBWebView\Default
2026-08-14 15:59:41.117: [INFO] OnDoneLoading sync enabled: 0
2026-08-14 15:59:41.117: [INFO] BookmarkModelLoaded, ids_reassigned: 0
2026-08-14 15:59:41.117: [INFO] BookmarksLoadDropped droppedNodes=0
2026-08-14 15:59:41.117: [INFO] BookmarksSnapshot Startup total=0 bar=0 other=0 mobile=0 showBar=0 showBarNTP=1
2026-08-14 15:59:41.424: [INFO] BookmarksSnapshot Shutdown total=0 bar=0 other=0 mobile=0 showBar=0 showBarNTP=1
